Starting datasheet PDF generation and S3 upload...

HTML Directory: /Users/manavbathija/Desktop/InHouse AI/FZC/Website/Website Pro/Website/public/datasheets/new_generated_html
PDF Output Directory: /Users/manavbathija/Desktop/InHouse AI/FZC/Website/Website Pro/Website/public/datasheets/pdfs
S3 Bucket: inmarco-datasheets
S3 Region: ap-south-1

Found 64 HTML files to process

[1/64] Processing: 750_SS_Welding_Blanket.html
  → Converting to PDF...
  ✓ PDF generated: 750_SS_Welding_Blanket.pdf
  → Uploading to S3...
  ✓ Uploaded to S3: datasheets/750_SS_Welding_Blanket.pdf

[2/64] Processing: Aramid_Wiping_Pad.html
  → Converting to PDF...
  ✓ PDF generated: Aramid_Wiping_Pad.pdf
  → Uploading to S3...
  ✓ Uploaded to S3: datasheets/Aramid_Wiping_Pad.pdf

[3/64] Processing: CG_100.html
  → Converting to PDF...
  ✓ PDF generated: CG_100.pdf
  → Uploading to S3...
  ✓ Uploaded to S3: datasheets/CG_100.pdf

[4/64] Processing: CG_101.html
  → Converting to PDF...
  ✓ PDF generated: CG_101.pdf
  → Uploading to S3...
  ✓ Uploaded to S3: datasheets/CG_101.pdf

[5/64] Processing: CG_102.html
  → Converting to PDF...
  ✓ PDF generated: CG_102.pdf
  → Uploading to S3...
  ✓ Uploaded to S3: datasheets/CG_102.pdf

[6/64] Processing: Corrugated_Metal_Gasket.html
  → Converting to PDF...
  ✓ PDF generated: Corrugated_Metal_Gasket.pdf
  → Uploading to S3...
  ✓ Uploaded to S3: datasheets/Corrugated_Metal_Gasket.pdf

[7/64] Processing: Double_Jacketed_Gasket.html
  → Converting to PDF...
  ✓ PDF generated: Double_Jacketed_Gasket.pdf
  → Uploading to S3...
  ✓ Uploaded to S3: datasheets/Double_Jacketed_Gasket.pdf

[8/64] Processing: FG_320.html
  → Converting to PDF...
  ✓ PDF generated: FG_320.pdf
  → Uploading to S3...
  ✓ Uploaded to S3: datasheets/FG_320.pdf

[9/64] Processing: GM_300Z.html
  → Converting to PDF...
  ✓ PDF generated: GM_300Z.pdf
  → Uploading to S3...
  ✓ Uploaded to S3: datasheets/GM_300Z.pdf

[10/64] Processing: GM_310C.html
  → Converting to PDF...
  ✓ PDF generated: GM_310C.pdf
  → Uploading to S3...
  ✓ Uploaded to S3: datasheets/GM_310C.pdf

[11/64] Processing: HY_105.html
  → Converting to PDF...
  ✓ PDF generated: HY_105.pdf
  → Uploading to S3...
  ✓ Uploaded to S3: datasheets/HY_105.pdf

[12/64] Processing: HY_105HD.html
  → Converting to PDF...
  ✓ PDF generated: HY_105HD.pdf
  → Uploading to S3...
  ✓ Uploaded to S3: datasheets/HY_105HD.pdf

[13/64] Processing: HY_105T.html
  → Converting to PDF...
  ✓ PDF generated: HY_105T.pdf
  → Uploading to S3...
  ✓ Uploaded to S3: datasheets/HY_105T.pdf

[14/64] Processing: HY_107.html
  → Converting to PDF...
  ✓ PDF generated: HY_107.pdf
  → Uploading to S3...
  ✓ Uploaded to S3: datasheets/HY_107.pdf

[15/64] Processing: HY_107HD.html
  → Converting to PDF...
  ✓ PDF generated: HY_107HD.pdf
  → Uploading to S3...
  ✓ Uploaded to S3: datasheets/HY_107HD.pdf

[16/64] Processing: HY_120_AR.html
  → Converting to PDF...
  ✓ PDF generated: HY_120_AR.pdf
  → Uploading to S3...
  ✓ Uploaded to S3: datasheets/HY_120_AR.pdf

[17/64] Processing: HY_175.html
  → Converting to PDF...
  ✓ PDF generated: HY_175.pdf
  → Uploading to S3...
  ✓ Uploaded to S3: datasheets/HY_175.pdf

[18/64] Processing: HY_501.html
  → Converting to PDF...
  ✓ PDF generated: HY_501.pdf
  → Uploading to S3...
  ✓ Uploaded to S3: datasheets/HY_501.pdf

[19/64] Processing: HY_504.html
  → Converting to PDF...
  ✓ PDF generated: HY_504.pdf
  → Uploading to S3...
  ✓ Uploaded to S3: datasheets/HY_504.pdf

[20/64] Processing: HY_510.html
  → Converting to PDF...
  ✓ PDF generated: HY_510.pdf
  → Uploading to S3...
  ✓ Uploaded to S3: datasheets/HY_510.pdf

[21/64] Processing: HY_606.html
  → Converting to PDF...
  ✓ PDF generated: HY_606.pdf
  → Uploading to S3...
  ✓ Uploaded to S3: datasheets/HY_606.pdf

[22/64] Processing: HY_801.html
  → Converting to PDF...
  ✓ PDF generated: HY_801.pdf
  → Uploading to S3...
  ✓ Uploaded to S3: datasheets/HY_801.pdf

[23/64] Processing: High_Temperature_Wiping_Pad.html
  → Converting to PDF...
  ✓ PDF generated: High_Temperature_Wiping_Pad.pdf
  → Uploading to S3...
  ✓ Uploaded to S3: datasheets/High_Temperature_Wiping_Pad.pdf

[24/64] Processing: INMATEX_ePTFE.html
  → Converting to PDF...
  ✓ PDF generated: INMATEX_ePTFE.pdf
  → Uploading to S3...
  ✓ Uploaded to S3: datasheets/INMATEX_ePTFE.pdf

[25/64] Processing: INMATEX™_1400.html
  → Converting to PDF...
  ✓ PDF generated: INMATEX™_1400.pdf
  → Uploading to S3...
  ✓ Uploaded to S3: datasheets/INMATEX™_1400.pdf

[26/64] Processing: IN_123.html
  → Converting to PDF...
  ✓ PDF generated: IN_123.pdf
  → Uploading to S3...
  ✓ Uploaded to S3: datasheets/IN_123.pdf

[27/64] Processing: IN_123I.html
  → Converting to PDF...
  ✓ PDF generated: IN_123I.pdf
  → Uploading to S3...
  ✓ Uploaded to S3: datasheets/IN_123I.pdf

[28/64] Processing: IN_140.html
  → Converting to PDF...
  ✓ PDF generated: IN_140.pdf
  → Uploading to S3...
  ✓ Uploaded to S3: datasheets/IN_140.pdf

[29/64] Processing: Insulation_Gasket_Kit_1800_FS.html
  → Converting to PDF...
  ✓ PDF generated: Insulation_Gasket_Kit_1800_FS.pdf
  → Uploading to S3...
  ✓ Uploaded to S3: datasheets/Insulation_Gasket_Kit_1800_FS.pdf

[30/64] Processing: KAMMPROFILE_GASKET.html
  → Converting to PDF...
  ✓ PDF generated: KAMMPROFILE_GASKET.pdf
  → Uploading to S3...
  ✓ Uploaded to S3: datasheets/KAMMPROFILE_GASKET.pdf

[31/64] Processing: Laminar_Seal.html
  → Converting to PDF...
  ✓ PDF generated: Laminar_Seal.pdf
  → Uploading to S3...
  ✓ Uploaded to S3: datasheets/Laminar_Seal.pdf

[32/64] Processing: NA_420.html
  → Converting to PDF...
  ✓ PDF generated: NA_420.pdf
  → Uploading to S3...
  ✓ Uploaded to S3: datasheets/NA_420.pdf

[33/64] Processing: NA_430.html
  → Converting to PDF...
  ✓ PDF generated: NA_430.pdf
  → Uploading to S3...
  ✓ Uploaded to S3: datasheets/NA_430.pdf

[34/64] Processing: NA_432.html
  → Converting to PDF...
  ✓ PDF generated: NA_432.pdf
  → Uploading to S3...
  ✓ Uploaded to S3: datasheets/NA_432.pdf

[35/64] Processing: NA_442.html
  → Converting to PDF...
  ✓ PDF generated: NA_442.pdf
  → Uploading to S3...
  ✓ Uploaded to S3: datasheets/NA_442.pdf

[36/64] Processing: NA_450.html
  → Converting to PDF...
  ✓ PDF generated: NA_450.pdf
  → Uploading to S3...
  ✓ Uploaded to S3: datasheets/NA_450.pdf

[37/64] Processing: NA_452_GF.html
  → Converting to PDF...
  ✓ PDF generated: NA_452_GF.pdf
  → Uploading to S3...
  ✓ Uploaded to S3: datasheets/NA_452_GF.pdf

[38/64] Processing: OR_120.html
  → Converting to PDF...
  ✓ PDF generated: OR_120.pdf
  → Uploading to S3...
  ✓ Uploaded to S3: datasheets/OR_120.pdf

[39/64] Processing: OR_125.html
  → Converting to PDF...
  ✓ PDF generated: OR_125.pdf
  → Uploading to S3...
  ✓ Uploaded to S3: datasheets/OR_125.pdf

[40/64] Processing: OR_125G.html
  → Converting to PDF...
  ✓ PDF generated: OR_125G.pdf
  → Uploading to S3...
  ✓ Uploaded to S3: datasheets/OR_125G.pdf

[41/64] Processing: OR_151.html
  → Converting to PDF...
  ✓ PDF generated: OR_151.pdf
  → Uploading to S3...
  ✓ Uploaded to S3: datasheets/OR_151.pdf

[42/64] Processing: PA_106.html
  → Converting to PDF...
  ✓ PDF generated: PA_106.pdf
  → Uploading to S3...
  ✓ Uploaded to S3: datasheets/PA_106.pdf

[43/64] Processing: PE_104A.html
  → Converting to PDF...
  ✓ PDF generated: PE_104A.pdf
  → Uploading to S3...
  ✓ Uploaded to S3: datasheets/PE_104A.pdf

[44/64] Processing: PE_504.html
  → Converting to PDF...
  ✓ PDF generated: PE_504.pdf
  → Uploading to S3...
  ✓ Uploaded to S3: datasheets/PE_504.pdf

[45/64] Processing: Ring_Type_Joint.html
  → Converting to PDF...
  ✓ PDF generated: Ring_Type_Joint.pdf
  → Uploading to S3...
  ✓ Uploaded to S3: datasheets/Ring_Type_Joint.pdf

[46/64] Processing: SSF_321.html
  → Converting to PDF...
  ✓ PDF generated: SSF_321.pdf
  → Uploading to S3...
  ✓ Uploaded to S3: datasheets/SSF_321.pdf

[47/64] Processing: SST_323.html
  → Converting to PDF...
  ✓ PDF generated: SST_323.pdf
  → Uploading to S3...
  ✓ Uploaded to S3: datasheets/SST_323.pdf

[48/64] Processing: STYLE_PA_499.html
  → Converting to PDF...
  ✓ PDF generated: STYLE_PA_499.pdf
  → Uploading to S3...
  ✓ Uploaded to S3: datasheets/STYLE_PA_499.pdf

[49/64] Processing: STYLE_PE_102.html
  → Converting to PDF...
  ✓ PDF generated: STYLE_PE_102.pdf
  → Uploading to S3...
  ✓ Uploaded to S3: datasheets/STYLE_PE_102.pdf

[50/64] Processing: STYLE_PE_104.html
  → Converting to PDF...
  ✓ PDF generated: STYLE_PE_104.pdf
  → Uploading to S3...
  ✓ Uploaded to S3: datasheets/STYLE_PE_104.pdf

[51/64] Processing: STYLE_PE_104C.html
  → Converting to PDF...
  ✓ PDF generated: STYLE_PE_104C.pdf
  → Uploading to S3...
  ✓ Uploaded to S3: datasheets/STYLE_PE_104C.pdf

[52/64] Processing: Shim_Gasket.html
  → Converting to PDF...
  ✓ PDF generated: Shim_Gasket.pdf
  → Uploading to S3...
  ✓ Uploaded to S3: datasheets/Shim_Gasket.pdf

[53/64] Processing: Soft_Iron_Ring.html
  → Converting to PDF...
  ✓ PDF generated: Soft_Iron_Ring.pdf
  → Uploading to S3...
  ✓ Uploaded to S3: datasheets/Soft_Iron_Ring.pdf

[54/64] Processing: Spiral_WoundGasket.html
  → Converting to PDF...
  ✓ PDF generated: Spiral_WoundGasket.pdf
  → Uploading to S3...
  ✓ Uploaded to S3: datasheets/Spiral_WoundGasket.pdf

[55/64] Processing: Style_CG_503.html
  → Converting to PDF...
  ✓ PDF generated: Style_CG_503.pdf
  → Uploading to S3...
  ✓ Uploaded to S3: datasheets/Style_CG_503.pdf

[56/64] Processing: Style_CG_900.html
  → Converting to PDF...
  ✓ PDF generated: Style_CG_900.pdf
  → Uploading to S3...
  ✓ Uploaded to S3: datasheets/Style_CG_900.pdf

[57/64] Processing: Style_PE_505.html
  → Converting to PDF...
  ✓ PDF generated: Style_PE_505.pdf
  → Uploading to S3...
  ✓ Uploaded to S3: datasheets/Style_PE_505.pdf

[58/64] Processing: Style_PE_508.html
  → Converting to PDF...
  ✓ PDF generated: Style_PE_508.pdf
  → Uploading to S3...
  ✓ Uploaded to S3: datasheets/Style_PE_508.pdf

[59/64] Processing: Style_PE_509.html
  → Converting to PDF...
  ✓ PDF generated: Style_PE_509.pdf
  → Uploading to S3...
  ✓ Uploaded to S3: datasheets/Style_PE_509.pdf

[60/64] Processing: Type_600.html
  → Converting to PDF...
  ✓ PDF generated: Type_600.pdf
  → Uploading to S3...
  ✓ Uploaded to S3: datasheets/Type_600.pdf

[61/64] Processing: ULTRA_FE_1003.html
  → Converting to PDF...
  ✓ PDF generated: ULTRA_FE_1003.pdf
  → Uploading to S3...
  ✓ Uploaded to S3: datasheets/ULTRA_FE_1003.pdf

[62/64] Processing: ULTRA_LE_1002.html
  → Converting to PDF...
  ✓ PDF generated: ULTRA_LE_1002.pdf
  → Uploading to S3...
  ✓ Uploaded to S3: datasheets/ULTRA_LE_1002.pdf

[63/64] Processing: ULTRA_LT_1004.html
  → Converting to PDF...
  ✓ PDF generated: ULTRA_LT_1004.pdf
  → Uploading to S3...
  ✓ Uploaded to S3: datasheets/ULTRA_LT_1004.pdf

[64/64] Processing: ULTRA_NE_1005.html
  → Converting to PDF...
  ✓ PDF generated: ULTRA_NE_1005.pdf
  → Uploading to S3...
  ✓ Uploaded to S3: datasheets/ULTRA_NE_1005.pdf

======================================================================
Summary:
PDF Generation:
  ✓ Successfully generated: 64
  ✗ Failed: 0

S3 Upload:
  ✓ Successfully uploaded: 64
  ✗ Failed: 0
======================================================================

PDFs are available at:
https://inmarco-datasheets.s3.ap-south-1.amazonaws.com/datasheets/[filename].pdf
